// Jest Snapshot v1, https://goo.gl/fbAQLP

exports[`Toast 公開に成功した場合「公開に成功しました」が表示される: payload 1`] = `
[
  {
    "body": {
      "body": "",
      "description": "",
      "imageUrl": "http://127.0.0.1:9000/images/pic00001.jpg",
      "published": true,
      "title": "hoge",
    },
    "headers": "application/json",
  },
]
`;

exports[`Toast 公開に成功した場合「公開に成功しました」が表示される: rendered 1`] = `
<div>
  <div
    class="root"
  >
    <header
      class="header"
    >
      <h1
        class="heading"
      >
        <a
          href="/"
        >
          <span
            class="icon"
          >
            <test-file-stub />
          </span>
          Tech Posts
        </a>
      </h1>
      <button
        aria-controls="drawer"
        aria-expanded="false"
        aria-label="メニューを開く"
        class="openMenu"
      >
        <span />
      </button>
      <div
        aria-hidden="true"
        class="menu"
        id="drawer"
      >
        <nav
          aria-label="ナビゲーション"
          class="nav"
        >
          <button
            aria-label="メニューを閉じる"
            class="closeMenu"
          />
          <ul
            class="list"
          >
            <li>
              <a
                aria-current="page"
                href="/my/posts"
              >
                My Posts
              </a>
            </li>
            <li>
              <a
                href="/my/posts/create"
              >
                Create Post
              </a>
            </li>
          </ul>
        </nav>
        <section
          aria-label="ログインユーザー"
          class="user"
          role="region"
        >
          <p
            class="userName"
          >
            TaroYamada
          </p>
          <p
            class="thumbnail"
            style="background-image: url(/__mocks__/images/img01.jpg);"
          />
          <div
            class="logout"
          >
            <div
              class="logoutInner"
            >
              <div
                class="logoutBox"
              >
                <button
                  class="module"
                  data-theme="transparent"
                  data-variant="small"
                >
                  ログアウト
                </button>
              </div>
            </div>
          </div>
        </section>
      </div>
    </header>
    <main>
      <form
        aria-label="新規記事"
        class="module"
      >
        <div
          class="content"
        >
          <div
            class="meta"
          >
            <div
              class="info"
            >
              <section
                class="module title"
              >
                <header
                  class="header"
                >
                  <label
                    class="label"
                    for=":r0:-textbox"
                  >
                    記事タイトル
                  </label>
                  <span
                    class="module"
                    data-invalid="false"
                  >
                    4
                     / 
                    64
                  </span>
                </header>
                <input
                  aria-errormessage=":r0:-errorMessage"
                  aria-invalid="false"
                  class="module"
                  id=":r0:-textbox"
                  maxlength="64"
                  name="title"
                  type="text"
                />
              </section>
              <section
                class="description module"
              >
                <header
                  class="header"
                >
                  <label
                    class="label"
                    for=":r1:-textarea"
                  >
                    記事概要
                  </label>
                  <span
                    class="module"
                    data-invalid="false"
                  >
                    0
                     / 
                    128
                  </span>
                </header>
                <textarea
                  aria-errormessage=":r1:-errorMessage"
                  aria-invalid="false"
                  class="module"
                  id=":r1:-textarea"
                  maxlength="128"
                  name="description"
                  rows="2"
                />
              </section>
            </div>
            <div
              class="module"
            >
              <img
                alt=""
                src="http://127.0.0.1:9000/images/pic00001.jpg"
              />
              <div
                class="module button hasImage"
              >
                <input
                  accept="image/png, image/jpeg"
                  aria-label="画像選択"
                  data-testid="file"
                  type="file"
                />
                <button
                  class="module"
                  data-theme="dark"
                  data-variant="small"
                  type="button"
                >
                  <test-file-stub />
                  <br />
                  <span>
                    イメージを変更する
                  </span>
                </button>
              </div>
            </div>
          </div>
          <section
            class="module"
          >
            <header
              class="header"
            >
              <label
                class="label"
                for=":r2:-textarea"
              >
                本文
              </label>
            </header>
            <textarea
              aria-errormessage=":r2:-errorMessage"
              aria-invalid="false"
              class="module"
              id=":r2:-textarea"
              name="body"
              rows="20"
            />
          </section>
        </div>
        <footer
          class="module"
        >
          <fieldset
            class="module"
          >
            <div
              class="save"
            >
              <button
                class="module"
                data-theme="blue"
                data-variant="large"
                type="button"
              >
                記事を公開する
              </button>
            </div>
            <div
              class="status"
            >
              <label
                for="published"
              >
                公開ステータス
              </label>
              <span
                class="module"
              >
                <input
                  id="published"
                  name="published"
                  role="switch"
                  type="checkbox"
                />
                <span />
              </span>
            </div>
          </fieldset>
        </footer>
      </form>
    </main>
  </div>
  <footer
    class="footer"
  >
    <p
      class="copyright"
    >
      All rights reserved © Tech Posts
    </p>
  </footer>
  <p
    class="module"
    data-mounted="false"
    data-style="succeed"
    role="alert"
  >
    <test-file-stub
      role="presentation"
    />
    公開に成功しました
  </p>
</div>
`;
